imageize: FIXME must also set at least interpretation
pass